
*** Running vivado
    with args -log MIPS_interface.vds -m64 -mode batch -messageDb vivado.pb -notrace -source MIPS_interface.tcl

WARNING: Default location for XILINX_VIVADO_HLS not found: 

****** Vivado v2015.1 (64-bit)
  **** SW Build 1215546 on Mon Apr 27 19:22:08 MDT 2015
  **** IP Build 1209967 on Tue Apr 21 11:39:20 MDT 2015
    ** Copyright 1986-2015 Xilinx, Inc. All Rights Reserved.

source MIPS_interface.tcl -notrace
Command: synth_design -top MIPS_interface -part xc7a100tcsg324-1
Starting synth_design
Attempting to get a license for feature 'Synthesis' and/or device 'xc7a100t'
INFO: [Common 17-349] Got license for feature 'Synthesis' and/or device 'xc7a100t'
---------------------------------------------------------------------------------
Starting RTL Elaboration : Time (s): cpu = 00:00:04 ; elapsed = 00:00:08 . Memory (MB): peak = 261.883 ; gain = 85.844
---------------------------------------------------------------------------------
INFO: [Synth 8-638] synthesizing module 'MIPS_interface' [C:/procEC/Lab5_EC/Lab5_EC.srcs/sources_1/imports/Sesion5/MIPS_interface.vhd:17]
INFO: [Synth 8-3491] module 'Seldigit_CodLEDS' declared at 'C:/procEC/Lab4_EC/Lab1_EC.srcs/sources_1/imports/Sesion1/Sel_Digit_CodLEDS.vhd:4' bound to instance 'Inst_Seldigit_CodLEDS' of component 'Seldigit_CodLEDS' [C:/procEC/Lab5_EC/Lab5_EC.srcs/sources_1/imports/Sesion5/MIPS_interface.vhd:64]
INFO: [Synth 8-638] synthesizing module 'Seldigit_CodLEDS' [C:/procEC/Lab4_EC/Lab1_EC.srcs/sources_1/imports/Sesion1/Sel_Digit_CodLEDS.vhd:11]
INFO: [Synth 8-3491] module 'dec2a4' declared at 'C:/procEC/Lab4_EC/Lab1_EC.srcs/sources_1/imports/Sesion1/dec2a4.vhd:6' bound to instance 'Inst_dec2a4' of component 'dec2a4' [C:/procEC/Lab4_EC/Lab1_EC.srcs/sources_1/imports/Sesion1/Sel_Digit_CodLEDS.vhd:49]
INFO: [Synth 8-638] synthesizing module 'dec2a4' [C:/procEC/Lab4_EC/Lab1_EC.srcs/sources_1/imports/Sesion1/dec2a4.vhd:11]
INFO: [Synth 8-226] default block is never used [C:/procEC/Lab4_EC/Lab1_EC.srcs/sources_1/imports/Sesion1/dec2a4.vhd:14]
INFO: [Synth 8-256] done synthesizing module 'dec2a4' (1#1) [C:/procEC/Lab4_EC/Lab1_EC.srcs/sources_1/imports/Sesion1/dec2a4.vhd:11]
INFO: [Synth 8-3491] module 'mux4a1_4bits' declared at 'C:/procEC/Lab4_EC/Lab1_EC.srcs/sources_1/new/mux4a1_4bits.vhd:36' bound to instance 'Inst_mux4a1_4bits' of component 'mux4a1_4bits' [C:/procEC/Lab4_EC/Lab1_EC.srcs/sources_1/imports/Sesion1/Sel_Digit_CodLEDS.vhd:59]
INFO: [Synth 8-638] synthesizing module 'mux4a1_4bits' [C:/procEC/Lab4_EC/Lab1_EC.srcs/sources_1/new/mux4a1_4bits.vhd:45]
INFO: [Synth 8-256] done synthesizing module 'mux4a1_4bits' (2#1) [C:/procEC/Lab4_EC/Lab1_EC.srcs/sources_1/new/mux4a1_4bits.vhd:45]
INFO: [Synth 8-3491] module 'hex2led' declared at 'C:/procEC/Lab4_EC/Lab1_EC.srcs/sources_1/imports/Sesion1/hex2led.vhd:6' bound to instance 'Inst_hex2led' of component 'hex2led' [C:/procEC/Lab4_EC/Lab1_EC.srcs/sources_1/imports/Sesion1/Sel_Digit_CodLEDS.vhd:73]
INFO: [Synth 8-638] synthesizing module 'hex2led' [C:/procEC/Lab4_EC/Lab1_EC.srcs/sources_1/imports/Sesion1/hex2led.vhd:11]
INFO: [Synth 8-226] default block is never used [C:/procEC/Lab4_EC/Lab1_EC.srcs/sources_1/imports/Sesion1/hex2led.vhd:26]
INFO: [Synth 8-256] done synthesizing module 'hex2led' (3#1) [C:/procEC/Lab4_EC/Lab1_EC.srcs/sources_1/imports/Sesion1/hex2led.vhd:11]
INFO: [Synth 8-256] done synthesizing module 'Seldigit_CodLEDS' (4#1) [C:/procEC/Lab4_EC/Lab1_EC.srcs/sources_1/imports/Sesion1/Sel_Digit_CodLEDS.vhd:11]
	Parameter n bound to: 3 - type: integer 
INFO: [Synth 8-3491] module 'cont_div_frec_refresh' declared at 'C:/procEC/Lab5_EC/Lab5_EC.srcs/sources_1/imports/Sesion5/cont_div_frec_refresh.vhd:6' bound to instance 'Inst_div_frec' of component 'cont_div_frec_refresh' [C:/procEC/Lab5_EC/Lab5_EC.srcs/sources_1/imports/Sesion5/MIPS_interface.vhd:71]
INFO: [Synth 8-638] synthesizing module 'cont_div_frec_refresh' [C:/procEC/Lab5_EC/Lab5_EC.srcs/sources_1/imports/Sesion5/cont_div_frec_refresh.vhd:14]
	Parameter n bound to: 3 - type: integer 
INFO: [Synth 8-256] done synthesizing module 'cont_div_frec_refresh' (5#1) [C:/procEC/Lab5_EC/Lab5_EC.srcs/sources_1/imports/Sesion5/cont_div_frec_refresh.vhd:14]
INFO: [Synth 8-3491] module 'MIPS_nucleo1' declared at 'C:/procEC/Lab4_EC/Lab1_EC.srcs/sources_1/imports/Sesion4/Mips_Nucleo1.vhd:6' bound to instance 'Inst_MIPs_nucleo1' of component 'MIPs_nucleo1' [C:/procEC/Lab5_EC/Lab5_EC.srcs/sources_1/imports/Sesion5/MIPS_interface.vhd:79]
INFO: [Synth 8-638] synthesizing module 'MIPS_nucleo1' [C:/procEC/Lab4_EC/Lab1_EC.srcs/sources_1/imports/Sesion4/Mips_Nucleo1.vhd:17]
INFO: [Synth 8-3491] module 'mux2a1_16bits' declared at 'C:/procEC/Lab4_EC/Lab1_EC.srcs/sources_1/imports/Sesion4/mux2a1_16bits.vhd:4' bound to instance 'Mux_branchPC4' of component 'mux2A1_16bits' [C:/procEC/Lab4_EC/Lab1_EC.srcs/sources_1/imports/Sesion4/Mips_Nucleo1.vhd:203]
INFO: [Synth 8-638] synthesizing module 'mux2a1_16bits' [C:/procEC/Lab4_EC/Lab1_EC.srcs/sources_1/imports/Sesion4/mux2a1_16bits.vhd:17]
INFO: [Synth 8-256] done synthesizing module 'mux2a1_16bits' (6#1) [C:/procEC/Lab4_EC/Lab1_EC.srcs/sources_1/imports/Sesion4/mux2a1_16bits.vhd:17]
INFO: [Synth 8-3491] module 'mux3a1_5bits' declared at 'C:/procEC/Lab4_EC/Lab1_EC.srcs/sources_1/imports/Sesion4/mux3a1_5bits.vhd:4' bound to instance 'INS_mux3a1_5bits' of component 'mux3a1_5bits' [C:/procEC/Lab4_EC/Lab1_EC.srcs/sources_1/imports/Sesion4/Mips_Nucleo1.vhd:211]
INFO: [Synth 8-638] synthesizing module 'mux3a1_5bits' [C:/procEC/Lab4_EC/Lab1_EC.srcs/sources_1/imports/Sesion4/mux3a1_5bits.vhd:18]
INFO: [Synth 8-256] done synthesizing module 'mux3a1_5bits' (7#1) [C:/procEC/Lab4_EC/Lab1_EC.srcs/sources_1/imports/Sesion4/mux3a1_5bits.vhd:18]
INFO: [Synth 8-3491] module 'registro_PC' declared at 'C:/procEC/Lab4_EC/Lab1_EC.srcs/sources_1/imports/Sesion2/registro_PC.vhd:4' bound to instance 'contaprog' of component 'registro_PC' [C:/procEC/Lab4_EC/Lab1_EC.srcs/sources_1/imports/Sesion4/Mips_Nucleo1.vhd:220]
INFO: [Synth 8-638] synthesizing module 'registro_PC' [C:/procEC/Lab4_EC/Lab1_EC.srcs/sources_1/imports/Sesion2/registro_PC.vhd:12]
INFO: [Synth 8-256] done synthesizing module 'registro_PC' (8#1) [C:/procEC/Lab4_EC/Lab1_EC.srcs/sources_1/imports/Sesion2/registro_PC.vhd:12]
INFO: [Synth 8-3491] module 'Mem_Ia_256x8' declared at 'C:/procEC/Lab4_EC/Lab1_EC.srcs/sources_1/imports/Sesion3/Mem_Ia_256x8.vhd:6' bound to instance 'mem_instruc' of component 'Mem_Ia_256x8' [C:/procEC/Lab4_EC/Lab1_EC.srcs/sources_1/imports/Sesion4/Mips_Nucleo1.vhd:227]
INFO: [Synth 8-638] synthesizing module 'Mem_Ia_256x8' [C:/procEC/Lab4_EC/Lab1_EC.srcs/sources_1/imports/Sesion3/Mem_Ia_256x8.vhd:13]
INFO: [Synth 8-256] done synthesizing module 'Mem_Ia_256x8' (9#1) [C:/procEC/Lab4_EC/Lab1_EC.srcs/sources_1/imports/Sesion3/Mem_Ia_256x8.vhd:13]
INFO: [Synth 8-3491] module 'unicontrol_rel1' declared at 'C:/procEC/Lab4_EC/Lab1_EC.srcs/sources_1/imports/Sesion4/unicontrol_rel1.vhd:4' bound to instance 'Inst_unicontrol_rel1' of component 'unicontrol_rel1' [C:/procEC/Lab4_EC/Lab1_EC.srcs/sources_1/imports/Sesion4/Mips_Nucleo1.vhd:233]
INFO: [Synth 8-638] synthesizing module 'unicontrol_rel1' [C:/procEC/Lab4_EC/Lab1_EC.srcs/sources_1/imports/Sesion4/unicontrol_rel1.vhd:10]
INFO: [Synth 8-256] done synthesizing module 'unicontrol_rel1' (10#1) [C:/procEC/Lab4_EC/Lab1_EC.srcs/sources_1/imports/Sesion4/unicontrol_rel1.vhd:10]
INFO: [Synth 8-3491] module 'mux3a1_16bits' declared at 'C:/procEC/Lab4_EC/Lab1_EC.srcs/sources_1/imports/Sesion4/mux3a1_16bits.vhd:4' bound to instance 'mux_saltos' of component 'mux3a1_16bits' [C:/procEC/Lab4_EC/Lab1_EC.srcs/sources_1/imports/Sesion4/Mips_Nucleo1.vhd:241]
INFO: [Synth 8-638] synthesizing module 'mux3a1_16bits' [C:/procEC/Lab4_EC/Lab1_EC.srcs/sources_1/imports/Sesion4/mux3a1_16bits.vhd:18]
INFO: [Synth 8-256] done synthesizing module 'mux3a1_16bits' (11#1) [C:/procEC/Lab4_EC/Lab1_EC.srcs/sources_1/imports/Sesion4/mux3a1_16bits.vhd:18]
INFO: [Synth 8-3491] module 'mux3a1_16bits' declared at 'C:/procEC/Lab4_EC/Lab1_EC.srcs/sources_1/imports/Sesion4/mux3a1_16bits.vhd:4' bound to instance 'muxMemdat' of component 'mux3a1_16bits' [C:/procEC/Lab4_EC/Lab1_EC.srcs/sources_1/imports/Sesion4/Mips_Nucleo1.vhd:250]
INFO: [Synth 8-3491] module 'BReg_3port' declared at 'C:/procEC/Lab4_EC/Lab1_EC.srcs/sources_1/imports/Sesion4/BReg_3port_lec.vhd:9' bound to instance 'Inst_BReg_3port' of component 'BReg_3port' [C:/procEC/Lab4_EC/Lab1_EC.srcs/sources_1/imports/Sesion4/Mips_Nucleo1.vhd:259]
INFO: [Synth 8-638] synthesizing module 'BReg_3port' [C:/procEC/Lab4_EC/Lab1_EC.srcs/sources_1/imports/Sesion4/BReg_3port_lec.vhd:33]
INFO: [Synth 8-256] done synthesizing module 'BReg_3port' (12#1) [C:/procEC/Lab4_EC/Lab1_EC.srcs/sources_1/imports/Sesion4/BReg_3port_lec.vhd:33]
INFO: [Synth 8-3491] module 'mux2a1_16bits' declared at 'C:/procEC/Lab4_EC/Lab1_EC.srcs/sources_1/imports/Sesion4/mux2a1_16bits.vhd:4' bound to instance 'Mux_sourceB_ALU' of component 'mux2A1_16bits' [C:/procEC/Lab4_EC/Lab1_EC.srcs/sources_1/imports/Sesion4/Mips_Nucleo1.vhd:288]
INFO: [Synth 8-3491] module 'ALU16bits' declared at 'C:/procEC/Lab4_EC/Lab1_EC.srcs/sources_1/new/ALU16bits.vhd:27' bound to instance 'Inst_ALU16bits' of component 'ALU16bits' [C:/procEC/Lab4_EC/Lab1_EC.srcs/sources_1/imports/Sesion4/Mips_Nucleo1.vhd:296]
INFO: [Synth 8-638] synthesizing module 'ALU16bits' [C:/procEC/Lab4_EC/Lab1_EC.srcs/sources_1/new/ALU16bits.vhd:35]
INFO: [Synth 8-256] done synthesizing module 'ALU16bits' (13#1) [C:/procEC/Lab4_EC/Lab1_EC.srcs/sources_1/new/ALU16bits.vhd:35]
INFO: [Synth 8-3491] module 'ALUcontrol_0' declared at 'C:/procEC/Lab4_EC/Lab1_EC.srcs/sources_1/imports/Sesion4/ALUcontrol_0.vhd:8' bound to instance 'ALUcontrol_inst' of component 'ALUcontrol_0' [C:/procEC/Lab4_EC/Lab1_EC.srcs/sources_1/imports/Sesion4/Mips_Nucleo1.vhd:305]
INFO: [Synth 8-638] synthesizing module 'ALUcontrol_0' [C:/procEC/Lab4_EC/Lab1_EC.srcs/sources_1/imports/Sesion4/ALUcontrol_0.vhd:15]
INFO: [Synth 8-256] done synthesizing module 'ALUcontrol_0' (14#1) [C:/procEC/Lab4_EC/Lab1_EC.srcs/sources_1/imports/Sesion4/ALUcontrol_0.vhd:15]
INFO: [Synth 8-3491] module 'ram_datos' declared at 'C:/procEC/Lab4_EC/Lab1_EC.srcs/sources_1/imports/Sesion3/ram_datos.vhd:6' bound to instance 'Inst_ram_datos' of component 'ram_datos' [C:/procEC/Lab4_EC/Lab1_EC.srcs/sources_1/imports/Sesion4/Mips_Nucleo1.vhd:312]
INFO: [Synth 8-638] synthesizing module 'ram_datos' [C:/procEC/Lab4_EC/Lab1_EC.srcs/sources_1/imports/Sesion3/ram_datos.vhd:17]
WARNING: [Synth 8-4767] Trying to implement RAM 'ram_mem_reg' in registers. Block RAM or DRAM implementation is not possible; see log for reasons.
Reason is one or more of the following :
	1: RAM has multiple writes via different ports in same process. If RAM inferencing intended, write to one port per process. 
	2: Unable to determine number of words or word size in RAM. 
RAM "ram_mem_reg" dissolved into registers
INFO: [Synth 8-256] done synthesizing module 'ram_datos' (15#1) [C:/procEC/Lab4_EC/Lab1_EC.srcs/sources_1/imports/Sesion3/ram_datos.vhd:17]
INFO: [Synth 8-256] done synthesizing module 'MIPS_nucleo1' (16#1) [C:/procEC/Lab4_EC/Lab1_EC.srcs/sources_1/imports/Sesion4/Mips_Nucleo1.vhd:17]
	Parameter n bound to: 2 - type: integer 
INFO: [Synth 8-3491] module 'cont_pausa_gen' declared at 'C:/procEC/Lab5_EC/Lab5_EC.srcs/sources_1/imports/Sesion5/cont_pausa_gen.vhd:8' bound to instance 'Inst_cont_pausa_gen' of component 'cont_pausa_gen' [C:/procEC/Lab5_EC/Lab5_EC.srcs/sources_1/imports/Sesion5/MIPS_interface.vhd:86]
INFO: [Synth 8-638] synthesizing module 'cont_pausa_gen' [C:/procEC/Lab5_EC/Lab5_EC.srcs/sources_1/imports/Sesion5/cont_pausa_gen.vhd:16]
	Parameter n bound to: 2 - type: integer 
INFO: [Synth 8-256] done synthesizing module 'cont_pausa_gen' (17#1) [C:/procEC/Lab5_EC/Lab5_EC.srcs/sources_1/imports/Sesion5/cont_pausa_gen.vhd:16]
INFO: [Synth 8-256] done synthesizing module 'MIPS_interface' (18#1) [C:/procEC/Lab5_EC/Lab5_EC.srcs/sources_1/imports/Sesion5/MIPS_interface.vhd:17]
---------------------------------------------------------------------------------
Finished RTL Elaboration : Time (s): cpu = 00:00:05 ; elapsed = 00:00:09 . Memory (MB): peak = 318.746 ; gain = 142.707
---------------------------------------------------------------------------------

Report Check Netlist: 
+------+------------------+-------+---------+-------+------------------+
|      |Item              |Errors |Warnings |Status |Description       |
+------+------------------+-------+---------+-------+------------------+
|1     |multi_driven_nets |      0|        0|Passed |Multi driven nets |
+------+------------------+-------+---------+-------+------------------+
---------------------------------------------------------------------------------
Finished RTL Optimization Phase 1 : Time (s): cpu = 00:00:06 ; elapsed = 00:00:10 . Memory (MB): peak = 318.746 ; gain = 142.707
---------------------------------------------------------------------------------
INFO: [Device 21-403] Loading part xc7a100tcsg324-1
INFO: [Project 1-570] Preparing netlist for logic optimization

Processing XDC Constraints
Initializing timing engine
Parsing XDC File [C:/procEC/Lab5_EC/Lab5_EC.srcs/constrs_1/imports/Sesion5/nexys4ddr.xdc]
Finished Parsing XDC File [C:/procEC/Lab5_EC/Lab5_EC.srcs/constrs_1/imports/Sesion5/nexys4ddr.xdc]
Completed Processing XDC Constraints

INFO: [Project 1-111] Unisim Transformation Summary:
No Unisim elements were transformed.

Constraint Validation Runtime : Time (s): cpu = 00:00:00 ; elapsed = 00:00:00.016 . Memory (MB): peak = 632.508 ; gain = 0.000
---------------------------------------------------------------------------------
Finished Constraint Validation : Time (s): cpu = 00:00:12 ; elapsed = 00:00:18 . Memory (MB): peak = 632.508 ; gain = 456.469
---------------------------------------------------------------------------------
---------------------------------------------------------------------------------
Start Loading Part and Timing Information
---------------------------------------------------------------------------------
Loading part: xc7a100tcsg324-1
---------------------------------------------------------------------------------
Finished Loading Part and Timing Information : Time (s): cpu = 00:00:12 ; elapsed = 00:00:18 . Memory (MB): peak = 632.508 ; gain = 456.469
---------------------------------------------------------------------------------
---------------------------------------------------------------------------------
Start Applying 'set_property' XDC Constraints
---------------------------------------------------------------------------------
incorrect argument "-dict" for "set_property" at line 4 of file C:/procEC/Lab5_EC/Lab5_EC.srcs/constrs_1/imports/Sesion5/nexys4ddr.xdc
incorrect set of required parameters for "set_property" at line 4 of file C:/procEC/Lab5_EC/Lab5_EC.srcs/constrs_1/imports/Sesion5/nexys4ddr.xdc
---------------------------------------------------------------------
Usage:
  set_property
    [-help]
    [-quiet]
    attribute
    value
    object
    [{>|>>} <stdoutFile>]
---------------------------------------------------------------------
incorrect argument "-dict" for "set_property" at line 8 of file C:/procEC/Lab5_EC/Lab5_EC.srcs/constrs_1/imports/Sesion5/nexys4ddr.xdc
incorrect set of required parameters for "set_property" at line 8 of file C:/procEC/Lab5_EC/Lab5_EC.srcs/constrs_1/imports/Sesion5/nexys4ddr.xdc
---------------------------------------------------------------------
Usage:
  set_property
    [-help]
    [-quiet]
    attribute
    value
    object
    [{>|>>} <stdoutFile>]
---------------------------------------------------------------------
incorrect argument "-dict" for "set_property" at line 11 of file C:/procEC/Lab5_EC/Lab5_EC.srcs/constrs_1/imports/Sesion5/nexys4ddr.xdc
incorrect set of required parameters for "set_property" at line 11 of file C:/procEC/Lab5_EC/Lab5_EC.srcs/constrs_1/imports/Sesion5/nexys4ddr.xdc
---------------------------------------------------------------------
Usage:
  set_property
    [-help]
    [-quiet]
    attribute
    value
    object
    [{>|>>} <stdoutFile>]
---------------------------------------------------------------------
incorrect argument "-dict" for "set_property" at line 12 of file C:/procEC/Lab5_EC/Lab5_EC.srcs/constrs_1/imports/Sesion5/nexys4ddr.xdc
incorrect set of required parameters for "set_property" at line 12 of file C:/procEC/Lab5_EC/Lab5_EC.srcs/constrs_1/imports/Sesion5/nexys4ddr.xdc
---------------------------------------------------------------------
Usage:
  set_property
    [-help]
    [-quiet]
    attribute
    value
    object
    [{>|>>} <stdoutFile>]
---------------------------------------------------------------------
incorrect argument "-dict" for "set_property" at line 13 of file C:/procEC/Lab5_EC/Lab5_EC.srcs/constrs_1/imports/Sesion5/nexys4ddr.xdc
incorrect set of required parameters for "set_property" at line 13 of file C:/procEC/Lab5_EC/Lab5_EC.srcs/constrs_1/imports/Sesion5/nexys4ddr.xdc
---------------------------------------------------------------------
Usage:
  set_property
    [-help]
    [-quiet]
    attribute
    value
    object
    [{>|>>} <stdoutFile>]
---------------------------------------------------------------------
incorrect argument "-dict" for "set_property" at line 14 of file C:/procEC/Lab5_EC/Lab5_EC.srcs/constrs_1/imports/Sesion5/nexys4ddr.xdc
incorrect set of required parameters for "set_property" at line 14 of file C:/procEC/Lab5_EC/Lab5_EC.srcs/constrs_1/imports/Sesion5/nexys4ddr.xdc
---------------------------------------------------------------------
Usage:
  set_property
    [-help]
    [-quiet]
    attribute
    value
    object
    [{>|>>} <stdoutFile>]
---------------------------------------------------------------------
incorrect argument "-dict" for "set_property" at line 17 of file C:/procEC/Lab5_EC/Lab5_EC.srcs/constrs_1/imports/Sesion5/nexys4ddr.xdc
incorrect set of required parameters for "set_property" at line 17 of file C:/procEC/Lab5_EC/Lab5_EC.srcs/constrs_1/imports/Sesion5/nexys4ddr.xdc
---------------------------------------------------------------------
Usage:
  set_property
    [-help]
    [-quiet]
    attribute
    value
    object
    [{>|>>} <stdoutFile>]
---------------------------------------------------------------------
incorrect argument "-dict" for "set_property" at line 18 of file C:/procEC/Lab5_EC/Lab5_EC.srcs/constrs_1/imports/Sesion5/nexys4ddr.xdc
incorrect set of required parameters for "set_property" at line 18 of file C:/procEC/Lab5_EC/Lab5_EC.srcs/constrs_1/imports/Sesion5/nexys4ddr.xdc
---------------------------------------------------------------------
Usage:
  set_property
    [-help]
    [-quiet]
    attribute
    value
    object
    [{>|>>} <stdoutFile>]
---------------------------------------------------------------------
incorrect argument "-dict" for "set_property" at line 19 of file C:/procEC/Lab5_EC/Lab5_EC.srcs/constrs_1/imports/Sesion5/nexys4ddr.xdc
incorrect set of required parameters for "set_property" at line 19 of file C:/procEC/Lab5_EC/Lab5_EC.srcs/constrs_1/imports/Sesion5/nexys4ddr.xdc
---------------------------------------------------------------------
Usage:
  set_property
    [-help]
    [-quiet]
    attribute
    value
    object
    [{>|>>} <stdoutFile>]
---------------------------------------------------------------------
incorrect argument "-dict" for "set_property" at line 20 of file C:/procEC/Lab5_EC/Lab5_EC.srcs/constrs_1/imports/Sesion5/nexys4ddr.xdc
incorrect set of required parameters for "set_property" at line 20 of file C:/procEC/Lab5_EC/Lab5_EC.srcs/constrs_1/imports/Sesion5/nexys4ddr.xdc
---------------------------------------------------------------------
Usage:
  set_property
    [-help]
    [-quiet]
    attribute
    value
    object
    [{>|>>} <stdoutFile>]
---------------------------------------------------------------------
incorrect argument "-dict" for "set_property" at line 23 of file C:/procEC/Lab5_EC/Lab5_EC.srcs/constrs_1/imports/Sesion5/nexys4ddr.xdc
incorrect set of required parameters for "set_property" at line 23 of file C:/procEC/Lab5_EC/Lab5_EC.srcs/constrs_1/imports/Sesion5/nexys4ddr.xdc
---------------------------------------------------------------------
Usage:
  set_property
    [-help]
    [-quiet]
    attribute
    value
    object
    [{>|>>} <stdoutFile>]
---------------------------------------------------------------------
incorrect argument "-dict" for "set_property" at line 24 of file C:/procEC/Lab5_EC/Lab5_EC.srcs/constrs_1/imports/Sesion5/nexys4ddr.xdc
incorrect set of required parameters for "set_property" at line 24 of file C:/procEC/Lab5_EC/Lab5_EC.srcs/constrs_1/imports/Sesion5/nexys4ddr.xdc
---------------------------------------------------------------------
Usage:
  set_property
    [-help]
    [-quiet]
    attribute
    value
    object
    [{>|>>} <stdoutFile>]
---------------------------------------------------------------------
incorrect argument "-dict" for "set_property" at line 25 of file C:/procEC/Lab5_EC/Lab5_EC.srcs/constrs_1/imports/Sesion5/nexys4ddr.xdc
incorrect set of required parameters for "set_property" at line 25 of file C:/procEC/Lab5_EC/Lab5_EC.srcs/constrs_1/imports/Sesion5/nexys4ddr.xdc
---------------------------------------------------------------------
Usage:
  set_property
    [-help]
    [-quiet]
    attribute
    value
    object
    [{>|>>} <stdoutFile>]
---------------------------------------------------------------------
incorrect argument "-dict" for "set_property" at line 26 of file C:/procEC/Lab5_EC/Lab5_EC.srcs/constrs_1/imports/Sesion5/nexys4ddr.xdc
incorrect set of required parameters for "set_property" at line 26 of file C:/procEC/Lab5_EC/Lab5_EC.srcs/constrs_1/imports/Sesion5/nexys4ddr.xdc
---------------------------------------------------------------------
Usage:
  set_property
    [-help]
    [-quiet]
    attribute
    value
    object
    [{>|>>} <stdoutFile>]
---------------------------------------------------------------------
incorrect argument "-dict" for "set_property" at line 27 of file C:/procEC/Lab5_EC/Lab5_EC.srcs/constrs_1/imports/Sesion5/nexys4ddr.xdc
incorrect set of required parameters for "set_property" at line 27 of file C:/procEC/Lab5_EC/Lab5_EC.srcs/constrs_1/imports/Sesion5/nexys4ddr.xdc
---------------------------------------------------------------------
Usage:
  set_property
    [-help]
    [-quiet]
    attribute
    value
    object
    [{>|>>} <stdoutFile>]
---------------------------------------------------------------------
incorrect argument "-dict" for "set_property" at line 28 of file C:/procEC/Lab5_EC/Lab5_EC.srcs/constrs_1/imports/Sesion5/nexys4ddr.xdc
incorrect set of required parameters for "set_property" at line 28 of file C:/procEC/Lab5_EC/Lab5_EC.srcs/constrs_1/imports/Sesion5/nexys4ddr.xdc
---------------------------------------------------------------------
Usage:
  set_property
    [-help]
    [-quiet]
    attribute
    value
    object
    [{>|>>} <stdoutFile>]
---------------------------------------------------------------------
incorrect argument "-dict" for "set_property" at line 29 of file C:/procEC/Lab5_EC/Lab5_EC.srcs/constrs_1/imports/Sesion5/nexys4ddr.xdc
incorrect set of required parameters for "set_property" at line 29 of file C:/procEC/Lab5_EC/Lab5_EC.srcs/constrs_1/imports/Sesion5/nexys4ddr.xdc
---------------------------------------------------------------------
Usage:
  set_property
    [-help]
    [-quiet]
    attribute
    value
    object
    [{>|>>} <stdoutFile>]
---------------------------------------------------------------------
incorrect argument "-dict" for "set_property" at line 30 of file C:/procEC/Lab5_EC/Lab5_EC.srcs/constrs_1/imports/Sesion5/nexys4ddr.xdc
incorrect set of required parameters for "set_property" at line 30 of file C:/procEC/Lab5_EC/Lab5_EC.srcs/constrs_1/imports/Sesion5/nexys4ddr.xdc
---------------------------------------------------------------------
Usage:
  set_property
    [-help]
    [-quiet]
    attribute
    value
    object
    [{>|>>} <stdoutFile>]
---------------------------------------------------------------------
incorrect argument "-dict" for "set_property" at line 33 of file C:/procEC/Lab5_EC/Lab5_EC.srcs/constrs_1/imports/Sesion5/nexys4ddr.xdc
incorrect set of required parameters for "set_property" at line 33 of file C:/procEC/Lab5_EC/Lab5_EC.srcs/constrs_1/imports/Sesion5/nexys4ddr.xdc
---------------------------------------------------------------------
Usage:
  set_property
    [-help]
    [-quiet]
    attribute
    value
    object
    [{>|>>} <stdoutFile>]
---------------------------------------------------------------------
incorrect argument "-dict" for "set_property" at line 34 of file C:/procEC/Lab5_EC/Lab5_EC.srcs/constrs_1/imports/Sesion5/nexys4ddr.xdc
incorrect set of required parameters for "set_property" at line 34 of file C:/procEC/Lab5_EC/Lab5_EC.srcs/constrs_1/imports/Sesion5/nexys4ddr.xdc
---------------------------------------------------------------------
Usage:
  set_property
    [-help]
    [-quiet]
    attribute
    value
    object
    [{>|>>} <stdoutFile>]
---------------------------------------------------------------------
incorrect argument "-dict" for "set_property" at line 35 of file C:/procEC/Lab5_EC/Lab5_EC.srcs/constrs_1/imports/Sesion5/nexys4ddr.xdc
incorrect set of required parameters for "set_property" at line 35 of file C:/procEC/Lab5_EC/Lab5_EC.srcs/constrs_1/imports/Sesion5/nexys4ddr.xdc
---------------------------------------------------------------------
Usage:
  set_property
    [-help]
    [-quiet]
    attribute
    value
    object
    [{>|>>} <stdoutFile>]
---------------------------------------------------------------------
incorrect argument "-dict" for "set_property" at line 36 of file C:/procEC/Lab5_EC/Lab5_EC.srcs/constrs_1/imports/Sesion5/nexys4ddr.xdc
incorrect set of required parameters for "set_property" at line 36 of file C:/procEC/Lab5_EC/Lab5_EC.srcs/constrs_1/imports/Sesion5/nexys4ddr.xdc
---------------------------------------------------------------------
Usage:
  set_property
    [-help]
    [-quiet]
    attribute
    value
    object
    [{>|>>} <stdoutFile>]
---------------------------------------------------------------------
incorrect argument "-dict" for "set_property" at line 37 of file C:/procEC/Lab5_EC/Lab5_EC.srcs/constrs_1/imports/Sesion5/nexys4ddr.xdc
incorrect set of required parameters for "set_property" at line 37 of file C:/procEC/Lab5_EC/Lab5_EC.srcs/constrs_1/imports/Sesion5/nexys4ddr.xdc
---------------------------------------------------------------------
Usage:
  set_property
    [-help]
    [-quiet]
    attribute
    value
    object
    [{>|>>} <stdoutFile>]
---------------------------------------------------------------------
incorrect argument "-dict" for "set_property" at line 38 of file C:/procEC/Lab5_EC/Lab5_EC.srcs/constrs_1/imports/Sesion5/nexys4ddr.xdc
incorrect set of required parameters for "set_property" at line 38 of file C:/procEC/Lab5_EC/Lab5_EC.srcs/constrs_1/imports/Sesion5/nexys4ddr.xdc
---------------------------------------------------------------------
Usage:
  set_property
    [-help]
    [-quiet]
    attribute
    value
    object
    [{>|>>} <stdoutFile>]
---------------------------------------------------------------------
incorrect argument "-dict" for "set_property" at line 39 of file C:/procEC/Lab5_EC/Lab5_EC.srcs/constrs_1/imports/Sesion5/nexys4ddr.xdc
incorrect set of required parameters for "set_property" at line 39 of file C:/procEC/Lab5_EC/Lab5_EC.srcs/constrs_1/imports/Sesion5/nexys4ddr.xdc
---------------------------------------------------------------------
Usage:
  set_property
    [-help]
    [-quiet]
    attribute
    value
    object
    [{>|>>} <stdoutFile>]
---------------------------------------------------------------------
incorrect argument "-dict" for "set_property" at line 40 of file C:/procEC/Lab5_EC/Lab5_EC.srcs/constrs_1/imports/Sesion5/nexys4ddr.xdc
incorrect set of required parameters for "set_property" at line 40 of file C:/procEC/Lab5_EC/Lab5_EC.srcs/constrs_1/imports/Sesion5/nexys4ddr.xdc
---------------------------------------------------------------------
Usage:
  set_property
    [-help]
    [-quiet]
    attribute
    value
    object
    [{>|>>} <stdoutFile>]
---------------------------------------------------------------------
---------------------------------------------------------------------------------
Finished applying 'set_property' XDC Constraints : Time (s): cpu = 00:00:12 ; elapsed = 00:00:19 . Memory (MB): peak = 632.508 ; gain = 456.469
---------------------------------------------------------------------------------
INFO: [Synth 8-5546] ROM "RAM" won't be mapped to RAM because it is too sparse
INFO: [Synth 8-5546] ROM "RAM" won't be mapped to RAM because it is too sparse
INFO: [Synth 8-5546] ROM "RAM" won't be mapped to RAM because it is too sparse
INFO: [Synth 8-5546] ROM "RAM" won't be mapped to RAM because it is too sparse
INFO: [Synth 8-3537] HDL ADVISOR - The operator resource <adder> is shared. To prevent sharing consider applying a KEEP on the inputs of the operator [C:/procEC/Lab4_EC/Lab1_EC.srcs/sources_1/new/ALU16bits.vhd:41]
WARNING: [Synth 8-327] inferring latch for variable 'R_reg' [C:/procEC/Lab4_EC/Lab1_EC.srcs/sources_1/new/ALU16bits.vhd:43]
---------------------------------------------------------------------------------
Finished RTL Optimization Phase 2 : Time (s): cpu = 00:00:16 ; elapsed = 00:00:25 . Memory (MB): peak = 632.508 ; gain = 456.469
---------------------------------------------------------------------------------

Report RTL Partitions: 
+-+--------------+------------+----------+
| |RTL Partition |Replication |Instances |
+-+--------------+------------+----------+
+-+--------------+------------+----------+
---------------------------------------------------------------------------------
Start RTL Component Statistics 
---------------------------------------------------------------------------------
Detailed RTL Component Info : 
+---Adders : 
	   3 Input     16 Bit       Adders := 1     
	   2 Input     16 Bit       Adders := 2     
	   2 Input      8 Bit       Adders := 4     
	   2 Input      3 Bit       Adders := 1     
	   2 Input      2 Bit       Adders := 1     
+---XORs : 
	   2 Input     16 Bit         XORs := 1     
+---Registers : 
	               16 Bit    Registers := 1     
	                8 Bit    Registers := 256   
	                3 Bit    Registers := 1     
	                2 Bit    Registers := 1     
+---RAMs : 
	              512 Bit         RAMs := 1     
+---Muxes : 
	   2 Input     16 Bit        Muxes := 2     
	   4 Input     16 Bit        Muxes := 2     
	   8 Input     16 Bit        Muxes := 1     
	   2 Input     13 Bit        Muxes := 1     
	   9 Input     13 Bit        Muxes := 1     
	 257 Input      8 Bit        Muxes := 4     
	   2 Input      8 Bit        Muxes := 256   
	  16 Input      7 Bit        Muxes := 1     
	   4 Input      5 Bit        Muxes := 1     
	   4 Input      4 Bit        Muxes := 1     
	   5 Input      4 Bit        Muxes := 1     
	  10 Input      4 Bit        Muxes := 1     
	  11 Input      3 Bit        Muxes := 1     
	   8 Input      1 Bit        Muxes := 1     
	   2 Input      1 Bit        Muxes := 257   
---------------------------------------------------------------------------------
Finished RTL Component Statistics 
---------------------------------------------------------------------------------
---------------------------------------------------------------------------------
Start RTL Hierarchical Component Statistics 
---------------------------------------------------------------------------------
Hierarchical RTL Component report 
Module dec2a4 
Detailed RTL Component Info : 
+---Muxes : 
	   4 Input      4 Bit        Muxes := 1     
Module mux4a1_4bits 
Detailed RTL Component Info : 
+---Muxes : 
	   5 Input      4 Bit        Muxes := 1     
Module hex2led 
Detailed RTL Component Info : 
+---Muxes : 
	  16 Input      7 Bit        Muxes := 1     
Module cont_div_frec_refresh 
Detailed RTL Component Info : 
+---Adders : 
	   2 Input      3 Bit       Adders := 1     
+---Registers : 
	                3 Bit    Registers := 1     
Module mux2a1_16bits 
Detailed RTL Component Info : 
+---Muxes : 
	   2 Input     16 Bit        Muxes := 1     
Module mux3a1_5bits 
Detailed RTL Component Info : 
+---Muxes : 
	   4 Input      5 Bit        Muxes := 1     
Module registro_PC 
Detailed RTL Component Info : 
+---Registers : 
	               16 Bit    Registers := 1     
Module Mem_Ia_256x8 
Detailed RTL Component Info : 
+---Adders : 
	   2 Input      8 Bit       Adders := 3     
+---Muxes : 
	 257 Input      8 Bit        Muxes := 4     
Module unicontrol_rel1 
Detailed RTL Component Info : 
+---Muxes : 
	   2 Input     13 Bit        Muxes := 1     
	   9 Input     13 Bit        Muxes := 1     
	  10 Input      4 Bit        Muxes := 1     
Module mux3a1_16bits 
Detailed RTL Component Info : 
+---Muxes : 
	   4 Input     16 Bit        Muxes := 1     
Module BReg_3port 
Detailed RTL Component Info : 
+---RAMs : 
	              512 Bit         RAMs := 1     
Module ALU16bits 
Detailed RTL Component Info : 
+---Adders : 
	   3 Input     16 Bit       Adders := 1     
+---XORs : 
	   2 Input     16 Bit         XORs := 1     
+---Muxes : 
	   8 Input     16 Bit        Muxes := 1     
	   8 Input      1 Bit        Muxes := 1     
Module ALUcontrol_0 
Detailed RTL Component Info : 
+---Muxes : 
	  11 Input      3 Bit        Muxes := 1     
Module ram_datos 
Detailed RTL Component Info : 
+---Adders : 
	   2 Input      8 Bit       Adders := 1     
+---Registers : 
	                8 Bit    Registers := 256   
+---Muxes : 
	   2 Input      8 Bit        Muxes := 256   
	   2 Input      1 Bit        Muxes := 256   
Module MIPS_nucleo1 
Detailed RTL Component Info : 
+---Adders : 
	   2 Input     16 Bit       Adders := 2     
+---Muxes : 
	   2 Input      1 Bit        Muxes := 1     
Module cont_pausa_gen 
Detailed RTL Component Info : 
+---Adders : 
	   2 Input      2 Bit       Adders := 1     
+---Registers : 
	                2 Bit    Registers := 1     
---------------------------------------------------------------------------------
Finished RTL Hierarchical Component Statistics
---------------------------------------------------------------------------------
---------------------------------------------------------------------------------
Start Part Resource Summary
---------------------------------------------------------------------------------
Part Resources:
DSPs: 240 (col length:80)
BRAMs: 270 (col length: RAMB18 80 RAMB36 40)
---------------------------------------------------------------------------------
Finished Part Resource Summary
---------------------------------------------------------------------------------
Start Parallel Synthesis Optimization  : Time (s): cpu = 00:00:16 ; elapsed = 00:00:26 . Memory (MB): peak = 632.508 ; gain = 456.469
---------------------------------------------------------------------------------
Start Cross Boundary Optimization
---------------------------------------------------------------------------------
INFO: [Synth 8-5546] ROM "p_0_out" won't be mapped to RAM because it is too sparse
INFO: [Synth 8-5546] ROM "p_0_out" won't be mapped to RAM because it is too sparse
INFO: [Synth 8-5546] ROM "p_0_out" won't be mapped to RAM because it is too sparse
INFO: [Synth 8-5546] ROM "p_0_out" won't be mapped to RAM because it is too sparse
INFO: [Synth 8-5546] ROM "p_0_out" won't be mapped to RAM because it is too sparse
INFO: [Synth 8-5546] ROM "p_0_out" won't be mapped to RAM because it is too sparse
INFO: [Synth 8-5546] ROM "p_0_out" won't be mapped to RAM because it is too sparse
INFO: [Synth 8-5546] ROM "p_0_out" won't be mapped to RAM because it is too sparse
INFO: [Synth 8-5546] ROM "p_0_out" won't be mapped to RAM because it is too sparse
INFO: [Synth 8-5546] ROM "p_0_out" won't be mapped to RAM because it is too sparse
INFO: [Synth 8-5546] ROM "p_0_out" won't be mapped to RAM because it is too sparse
INFO: [Synth 8-5546] ROM "p_0_out" won't be mapped to RAM because it is too sparse
INFO: [Synth 8-5546] ROM "p_0_out" won't be mapped to RAM because it is too sparse
INFO: [Synth 8-5546] ROM "p_0_out" won't be mapped to RAM because it is too sparse
INFO: [Synth 8-5546] ROM "p_0_out" won't be mapped to RAM because it is too sparse
INFO: [Synth 8-5546] ROM "p_0_out" won't be mapped to RAM because it is too sparse
INFO: [Synth 8-5546] ROM "p_0_out" won't be mapped to RAM because it is too sparse
INFO: [Synth 8-5546] ROM "p_0_out" won't be mapped to RAM because it is too sparse
INFO: [Synth 8-5546] ROM "p_0_out" won't be mapped to RAM because it is too sparse
INFO: [Synth 8-5546] ROM "p_0_out" won't be mapped to RAM because it is too sparse
INFO: [Synth 8-5546] ROM "p_0_out" won't be mapped to RAM because it is too sparse
INFO: [Synth 8-5546] ROM "p_0_out" won't be mapped to RAM because it is too sparse
INFO: [Synth 8-5546] ROM "p_0_out" won't be mapped to RAM because it is too sparse
INFO: [Synth 8-5546] ROM "p_0_out" won't be mapped to RAM because it is too sparse
INFO: [Synth 8-5546] ROM "p_0_out" won't be mapped to RAM because it is too sparse
INFO: [Synth 8-5546] ROM "p_0_out" won't be mapped to RAM because it is too sparse
INFO: [Synth 8-5546] ROM "p_0_out" won't be mapped to RAM because it is too sparse
INFO: [Synth 8-5546] ROM "p_0_out" won't be mapped to RAM because it is too sparse
INFO: [Synth 8-5546] ROM "p_0_out" won't be mapped to RAM because it is too sparse
INFO: [Synth 8-5546] ROM "p_0_out" won't be mapped to RAM because it is too sparse
INFO: [Synth 8-5546] ROM "p_0_out" won't be mapped to RAM because it is too sparse
INFO: [Synth 8-5546] ROM "p_0_out" won't be mapped to RAM because it is too sparse
INFO: [Synth 8-5546] ROM "p_0_out" won't be mapped to RAM because it is too sparse
INFO: [Synth 8-5546] ROM "p_0_out" won't be mapped to RAM because it is too sparse
INFO: [Synth 8-5546] ROM "p_0_out" won't be mapped to RAM because it is too sparse
INFO: [Synth 8-5546] ROM "p_0_out" won't be mapped to RAM because it is too sparse
INFO: [Synth 8-5546] ROM "p_0_out" won't be mapped to RAM because it is too sparse
INFO: [Synth 8-5546] ROM "p_0_out" won't be mapped to RAM because it is too sparse
INFO: [Synth 8-5546] ROM "p_0_out" won't be mapped to RAM because it is too sparse
INFO: [Synth 8-5546] ROM "p_0_out" won't be mapped to RAM because it is too sparse
INFO: [Synth 8-5546] ROM "p_0_out" won't be mapped to RAM because it is too sparse
INFO: [Synth 8-5546] ROM "p_0_out" won't be mapped to RAM because it is too sparse
INFO: [Synth 8-5546] ROM "p_0_out" won't be mapped to RAM because it is too sparse
INFO: [Synth 8-5546] ROM "p_0_out" won't be mapped to RAM because it is too sparse
INFO: [Synth 8-5546] ROM "p_0_out" won't be mapped to RAM because it is too sparse
INFO: [Synth 8-5546] ROM "p_0_out" won't be mapped to RAM because it is too sparse
INFO: [Synth 8-5546] ROM "p_0_out" won't be mapped to RAM because it is too sparse
INFO: [Synth 8-5546] ROM "p_0_out" won't be mapped to RAM because it is too sparse
INFO: [Synth 8-5546] ROM "p_0_out" won't be mapped to RAM because it is too sparse
INFO: [Synth 8-5546] ROM "p_0_out" won't be mapped to RAM because it is too sparse
INFO: [Synth 8-5546] ROM "p_0_out" won't be mapped to RAM because it is too sparse
INFO: [Synth 8-5546] ROM "p_0_out" won't be mapped to RAM because it is too sparse
INFO: [Synth 8-5546] ROM "p_0_out" won't be mapped to RAM because it is too sparse
INFO: [Synth 8-5546] ROM "p_0_out" won't be mapped to RAM because it is too sparse
INFO: [Synth 8-5546] ROM "p_0_out" won't be mapped to RAM because it is too sparse
INFO: [Synth 8-5546] ROM "p_0_out" won't be mapped to RAM because it is too sparse
INFO: [Synth 8-5546] ROM "p_0_out" won't be mapped to RAM because it is too sparse
INFO: [Synth 8-5546] ROM "p_0_out" won't be mapped to RAM because it is too sparse
INFO: [Synth 8-5546] ROM "p_0_out" won't be mapped to RAM because it is too sparse
INFO: [Synth 8-5546] ROM "p_0_out" won't be mapped to RAM because it is too sparse
INFO: [Synth 8-5546] ROM "p_0_out" won't be mapped to RAM because it is too sparse
INFO: [Synth 8-5546] ROM "p_0_out" won't be mapped to RAM because it is too sparse
INFO: [Synth 8-5546] ROM "p_0_out" won't be mapped to RAM because it is too sparse
INFO: [Synth 8-5546] ROM "p_0_out" won't be mapped to RAM because it is too sparse
INFO: [Synth 8-5546] ROM "p_0_out" won't be mapped to RAM because it is too sparse
INFO: [Synth 8-5546] ROM "p_0_out" won't be mapped to RAM because it is too sparse
INFO: [Synth 8-5546] ROM "p_0_out" won't be mapped to RAM because it is too sparse
INFO: [Synth 8-5546] ROM "p_0_out" won't be mapped to RAM because it is too sparse
INFO: [Synth 8-5546] ROM "p_0_out" won't be mapped to RAM because it is too sparse
INFO: [Synth 8-5546] ROM "p_0_out" won't be mapped to RAM because it is too sparse
INFO: [Synth 8-5546] ROM "p_0_out" won't be mapped to RAM because it is too sparse
INFO: [Synth 8-5546] ROM "p_0_out" won't be mapped to RAM because it is too sparse
INFO: [Synth 8-5546] ROM "p_0_out" won't be mapped to RAM because it is too sparse
INFO: [Synth 8-5546] ROM "p_0_out" won't be mapped to RAM because it is too sparse
INFO: [Synth 8-5546] ROM "p_0_out" won't be mapped to RAM because it is too sparse
INFO: [Synth 8-5546] ROM "p_0_out" won't be mapped to RAM because it is too sparse
INFO: [Synth 8-5546] ROM "p_0_out" won't be mapped to RAM because it is too sparse
INFO: [Synth 8-5546] ROM "p_0_out" won't be mapped to RAM because it is too sparse
INFO: [Synth 8-5546] ROM "p_0_out" won't be mapped to RAM because it is too sparse
INFO: [Synth 8-5546] ROM "p_0_out" won't be mapped to RAM because it is too sparse
INFO: [Synth 8-5546] ROM "p_0_out" won't be mapped to RAM because it is too sparse
INFO: [Synth 8-5546] ROM "p_0_out" won't be mapped to RAM because it is too sparse
INFO: [Synth 8-5546] ROM "p_0_out" won't be mapped to RAM because it is too sparse
INFO: [Synth 8-5546] ROM "p_0_out" won't be mapped to RAM because it is too sparse
INFO: [Synth 8-5546] ROM "p_0_out" won't be mapped to RAM because it is too sparse
INFO: [Synth 8-5546] ROM "p_0_out" won't be mapped to RAM because it is too sparse
INFO: [Synth 8-5546] ROM "p_0_out" won't be mapped to RAM because it is too sparse
INFO: [Synth 8-5546] ROM "p_0_out" won't be mapped to RAM because it is too sparse
INFO: [Synth 8-5546] ROM "p_0_out" won't be mapped to RAM because it is too sparse
INFO: [Synth 8-5546] ROM "p_0_out" won't be mapped to RAM because it is too sparse
INFO: [Synth 8-5546] ROM "p_0_out" won't be mapped to RAM because it is too sparse
INFO: [Synth 8-5546] ROM "p_0_out" won't be mapped to RAM because it is too sparse
INFO: [Synth 8-5546] ROM "p_0_out" won't be mapped to RAM because it is too sparse
INFO: [Synth 8-5546] ROM "p_0_out" won't be mapped to RAM because it is too sparse
INFO: [Synth 8-5546] ROM "p_0_out" won't be mapped to RAM because it is too sparse
INFO: [Synth 8-5546] ROM "p_0_out" won't be mapped to RAM because it is too sparse
INFO: [Common 17-14] Message 'Synth 8-5546' appears 100 times and further instances of the messages will be disabled. Use the Tcl command set_msg_config to change the current settings.
WARNING: [Synth 8-3917] design MIPS_interface has port HEXleds[0] driven by constant 1
---------------------------------------------------------------------------------
Finished Cross Boundary Optimization : Time (s): cpu = 00:00:22 ; elapsed = 00:00:34 . Memory (MB): peak = 632.508 ; gain = 456.469
---------------------------------------------------------------------------------
Finished Parallel Reinference  : Time (s): cpu = 00:00:22 ; elapsed = 00:00:34 . Memory (MB): peak = 632.508 ; gain = 456.469

Report RTL Partitions: 
+-+--------------+------------+----------+
| |RTL Partition |Replication |Instances |
+-+--------------+------------+----------+
+-+--------------+------------+----------+
---------------------------------------------------------------------------------
Start ROM, RAM, DSP and Shift Register Reporting
---------------------------------------------------------------------------------

Distributed RAM: 
+---------------+-------------------------------------------------+-----------+----------------------+--------------+-----------------------+
|Module Name    | RTL Object                                      | Inference | Size (Depth x Width) | Primitives   | Hierarchical Name     | 
+---------------+-------------------------------------------------+-----------+----------------------+--------------+-----------------------+
|MIPS_interface | Inst_MIPs_nucleo1/Inst_BReg_3port/banco_reg_reg | Implied   | 32 x 16              | RAM32M x 9   | MIPS_interface/ram__1 | 
+---------------+-------------------------------------------------+-----------+----------------------+--------------+-----------------------+

Note: The table shows the Distributed RAMs at the current stage of the synthesis flow. Some Distributed RAMs may be reimplemented as non Distributed RAM primitives later in the synthesis flow. Multiple instantiated RAMs are reported only once. "Hierarchical Name" reflects the Distributed RAM name as it appears in the hierarchical module and only part of it is displayed.
---------------------------------------------------------------------------------
Finished ROM, RAM, DSP and Shift Register Reporting
---------------------------------------------------------------------------------
---------------------------------------------------------------------------------
Start Area Optimization
---------------------------------------------------------------------------------
---------------------------------------------------------------------------------
Finished Area Optimization : Time (s): cpu = 00:00:32 ; elapsed = 00:00:47 . Memory (MB): peak = 681.547 ; gain = 505.508
---------------------------------------------------------------------------------
Finished Parallel Area Optimization  : Time (s): cpu = 00:00:32 ; elapsed = 00:00:47 . Memory (MB): peak = 681.547 ; gain = 505.508

Report RTL Partitions: 
+-+--------------+------------+----------+
| |RTL Partition |Replication |Instances |
+-+--------------+------------+----------+
+-+--------------+------------+----------+
Finished Parallel Synthesis Optimization  : Time (s): cpu = 00:00:32 ; elapsed = 00:00:47 . Memory (MB): peak = 681.547 ; gain = 505.508
---------------------------------------------------------------------------------
Start Timing Optimization
---------------------------------------------------------------------------------
---------------------------------------------------------------------------------
Start Applying XDC Timing Constraints
---------------------------------------------------------------------------------
incorrect argument "-dict" for "set_property" at line 4 of file C:/procEC/Lab5_EC/Lab5_EC.srcs/constrs_1/imports/Sesion5/nexys4ddr.xdc
incorrect set of required parameters for "set_property" at line 4 of file C:/procEC/Lab5_EC/Lab5_EC.srcs/constrs_1/imports/Sesion5/nexys4ddr.xdc
---------------------------------------------------------------------
Usage:
  set_property
    [-help]
    [-quiet]
    attribute
    value
    object
    [{>|>>} <stdoutFile>]
---------------------------------------------------------------------
incorrect argument "-dict" for "set_property" at line 8 of file C:/procEC/Lab5_EC/Lab5_EC.srcs/constrs_1/imports/Sesion5/nexys4ddr.xdc
incorrect set of required parameters for "set_property" at line 8 of file C:/procEC/Lab5_EC/Lab5_EC.srcs/constrs_1/imports/Sesion5/nexys4ddr.xdc
---------------------------------------------------------------------
Usage:
  set_property
    [-help]
    [-quiet]
    attribute
    value
    object
    [{>|>>} <stdoutFile>]
---------------------------------------------------------------------
incorrect argument "-dict" for "set_property" at line 11 of file C:/procEC/Lab5_EC/Lab5_EC.srcs/constrs_1/imports/Sesion5/nexys4ddr.xdc
incorrect set of required parameters for "set_property" at line 11 of file C:/procEC/Lab5_EC/Lab5_EC.srcs/constrs_1/imports/Sesion5/nexys4ddr.xdc
---------------------------------------------------------------------
Usage:
  set_property
    [-help]
    [-quiet]
    attribute
    value
    object
    [{>|>>} <stdoutFile>]
---------------------------------------------------------------------
incorrect argument "-dict" for "set_property" at line 12 of file C:/procEC/Lab5_EC/Lab5_EC.srcs/constrs_1/imports/Sesion5/nexys4ddr.xdc
incorrect set of required parameters for "set_property" at line 12 of file C:/procEC/Lab5_EC/Lab5_EC.srcs/constrs_1/imports/Sesion5/nexys4ddr.xdc
---------------------------------------------------------------------
Usage:
  set_property
    [-help]
    [-quiet]
    attribute
    value
    object
    [{>|>>} <stdoutFile>]
---------------------------------------------------------------------
incorrect argument "-dict" for "set_property" at line 13 of file C:/procEC/Lab5_EC/Lab5_EC.srcs/constrs_1/imports/Sesion5/nexys4ddr.xdc
incorrect set of required parameters for "set_property" at line 13 of file C:/procEC/Lab5_EC/Lab5_EC.srcs/constrs_1/imports/Sesion5/nexys4ddr.xdc
---------------------------------------------------------------------
Usage:
  set_property
    [-help]
    [-quiet]
    attribute
    value
    object
    [{>|>>} <stdoutFile>]
---------------------------------------------------------------------
incorrect argument "-dict" for "set_property" at line 14 of file C:/procEC/Lab5_EC/Lab5_EC.srcs/constrs_1/imports/Sesion5/nexys4ddr.xdc
incorrect set of required parameters for "set_property" at line 14 of file C:/procEC/Lab5_EC/Lab5_EC.srcs/constrs_1/imports/Sesion5/nexys4ddr.xdc
---------------------------------------------------------------------
Usage:
  set_property
    [-help]
    [-quiet]
    attribute
    value
    object
    [{>|>>} <stdoutFile>]
---------------------------------------------------------------------
incorrect argument "-dict" for "set_property" at line 17 of file C:/procEC/Lab5_EC/Lab5_EC.srcs/constrs_1/imports/Sesion5/nexys4ddr.xdc
incorrect set of required parameters for "set_property" at line 17 of file C:/procEC/Lab5_EC/Lab5_EC.srcs/constrs_1/imports/Sesion5/nexys4ddr.xdc
---------------------------------------------------------------------
Usage:
  set_property
    [-help]
    [-quiet]
    attribute
    value
    object
    [{>|>>} <stdoutFile>]
---------------------------------------------------------------------
incorrect argument "-dict" for "set_property" at line 18 of file C:/procEC/Lab5_EC/Lab5_EC.srcs/constrs_1/imports/Sesion5/nexys4ddr.xdc
incorrect set of required parameters for "set_property" at line 18 of file C:/procEC/Lab5_EC/Lab5_EC.srcs/constrs_1/imports/Sesion5/nexys4ddr.xdc
---------------------------------------------------------------------
Usage:
  set_property
    [-help]
    [-quiet]
    attribute
    value
    object
    [{>|>>} <stdoutFile>]
---------------------------------------------------------------------
incorrect argument "-dict" for "set_property" at line 19 of file C:/procEC/Lab5_EC/Lab5_EC.srcs/constrs_1/imports/Sesion5/nexys4ddr.xdc
incorrect set of required parameters for "set_property" at line 19 of file C:/procEC/Lab5_EC/Lab5_EC.srcs/constrs_1/imports/Sesion5/nexys4ddr.xdc
---------------------------------------------------------------------
Usage:
  set_property
    [-help]
    [-quiet]
    attribute
    value
    object
    [{>|>>} <stdoutFile>]
---------------------------------------------------------------------
incorrect argument "-dict" for "set_property" at line 20 of file C:/procEC/Lab5_EC/Lab5_EC.srcs/constrs_1/imports/Sesion5/nexys4ddr.xdc
incorrect set of required parameters for "set_property" at line 20 of file C:/procEC/Lab5_EC/Lab5_EC.srcs/constrs_1/imports/Sesion5/nexys4ddr.xdc
---------------------------------------------------------------------
Usage:
  set_property
    [-help]
    [-quiet]
    attribute
    value
    object
    [{>|>>} <stdoutFile>]
---------------------------------------------------------------------
incorrect argument "-dict" for "set_property" at line 23 of file C:/procEC/Lab5_EC/Lab5_EC.srcs/constrs_1/imports/Sesion5/nexys4ddr.xdc
incorrect set of required parameters for "set_property" at line 23 of file C:/procEC/Lab5_EC/Lab5_EC.srcs/constrs_1/imports/Sesion5/nexys4ddr.xdc
---------------------------------------------------------------------
Usage:
  set_property
    [-help]
    [-quiet]
    attribute
    value
    object
    [{>|>>} <stdoutFile>]
---------------------------------------------------------------------
incorrect argument "-dict" for "set_property" at line 24 of file C:/procEC/Lab5_EC/Lab5_EC.srcs/constrs_1/imports/Sesion5/nexys4ddr.xdc
incorrect set of required parameters for "set_property" at line 24 of file C:/procEC/Lab5_EC/Lab5_EC.srcs/constrs_1/imports/Sesion5/nexys4ddr.xdc
---------------------------------------------------------------------
Usage:
  set_property
    [-help]
    [-quiet]
    attribute
    value
    object
    [{>|>>} <stdoutFile>]
---------------------------------------------------------------------
incorrect argument "-dict" for "set_property" at line 25 of file C:/procEC/Lab5_EC/Lab5_EC.srcs/constrs_1/imports/Sesion5/nexys4ddr.xdc
incorrect set of required parameters for "set_property" at line 25 of file C:/procEC/Lab5_EC/Lab5_EC.srcs/constrs_1/imports/Sesion5/nexys4ddr.xdc
---------------------------------------------------------------------
Usage:
  set_property
    [-help]
    [-quiet]
    attribute
    value
    object
    [{>|>>} <stdoutFile>]
---------------------------------------------------------------------
incorrect argument "-dict" for "set_property" at line 26 of file C:/procEC/Lab5_EC/Lab5_EC.srcs/constrs_1/imports/Sesion5/nexys4ddr.xdc
incorrect set of required parameters for "set_property" at line 26 of file C:/procEC/Lab5_EC/Lab5_EC.srcs/constrs_1/imports/Sesion5/nexys4ddr.xdc
---------------------------------------------------------------------
Usage:
  set_property
    [-help]
    [-quiet]
    attribute
    value
    object
    [{>|>>} <stdoutFile>]
---------------------------------------------------------------------
incorrect argument "-dict" for "set_property" at line 27 of file C:/procEC/Lab5_EC/Lab5_EC.srcs/constrs_1/imports/Sesion5/nexys4ddr.xdc
incorrect set of required parameters for "set_property" at line 27 of file C:/procEC/Lab5_EC/Lab5_EC.srcs/constrs_1/imports/Sesion5/nexys4ddr.xdc
---------------------------------------------------------------------
Usage:
  set_property
    [-help]
    [-quiet]
    attribute
    value
    object
    [{>|>>} <stdoutFile>]
---------------------------------------------------------------------
incorrect argument "-dict" for "set_property" at line 28 of file C:/procEC/Lab5_EC/Lab5_EC.srcs/constrs_1/imports/Sesion5/nexys4ddr.xdc
incorrect set of required parameters for "set_property" at line 28 of file C:/procEC/Lab5_EC/Lab5_EC.srcs/constrs_1/imports/Sesion5/nexys4ddr.xdc
---------------------------------------------------------------------
Usage:
  set_property
    [-help]
    [-quiet]
    attribute
    value
    object
    [{>|>>} <stdoutFile>]
---------------------------------------------------------------------
incorrect argument "-dict" for "set_property" at line 29 of file C:/procEC/Lab5_EC/Lab5_EC.srcs/constrs_1/imports/Sesion5/nexys4ddr.xdc
incorrect set of required parameters for "set_property" at line 29 of file C:/procEC/Lab5_EC/Lab5_EC.srcs/constrs_1/imports/Sesion5/nexys4ddr.xdc
---------------------------------------------------------------------
Usage:
  set_property
    [-help]
    [-quiet]
    attribute
    value
    object
    [{>|>>} <stdoutFile>]
---------------------------------------------------------------------
incorrect argument "-dict" for "set_property" at line 30 of file C:/procEC/Lab5_EC/Lab5_EC.srcs/constrs_1/imports/Sesion5/nexys4ddr.xdc
incorrect set of required parameters for "set_property" at line 30 of file C:/procEC/Lab5_EC/Lab5_EC.srcs/constrs_1/imports/Sesion5/nexys4ddr.xdc
---------------------------------------------------------------------
Usage:
  set_property
    [-help]
    [-quiet]
    attribute
    value
    object
    [{>|>>} <stdoutFile>]
---------------------------------------------------------------------
incorrect argument "-dict" for "set_property" at line 33 of file C:/procEC/Lab5_EC/Lab5_EC.srcs/constrs_1/imports/Sesion5/nexys4ddr.xdc
incorrect set of required parameters for "set_property" at line 33 of file C:/procEC/Lab5_EC/Lab5_EC.srcs/constrs_1/imports/Sesion5/nexys4ddr.xdc
---------------------------------------------------------------------
Usage:
  set_property
    [-help]
    [-quiet]
    attribute
    value
    object
    [{>|>>} <stdoutFile>]
---------------------------------------------------------------------
incorrect argument "-dict" for "set_property" at line 34 of file C:/procEC/Lab5_EC/Lab5_EC.srcs/constrs_1/imports/Sesion5/nexys4ddr.xdc
incorrect set of required parameters for "set_property" at line 34 of file C:/procEC/Lab5_EC/Lab5_EC.srcs/constrs_1/imports/Sesion5/nexys4ddr.xdc
---------------------------------------------------------------------
Usage:
  set_property
    [-help]
    [-quiet]
    attribute
    value
    object
    [{>|>>} <stdoutFile>]
---------------------------------------------------------------------
incorrect argument "-dict" for "set_property" at line 35 of file C:/procEC/Lab5_EC/Lab5_EC.srcs/constrs_1/imports/Sesion5/nexys4ddr.xdc
incorrect set of required parameters for "set_property" at line 35 of file C:/procEC/Lab5_EC/Lab5_EC.srcs/constrs_1/imports/Sesion5/nexys4ddr.xdc
---------------------------------------------------------------------
Usage:
  set_property
    [-help]
    [-quiet]
    attribute
    value
    object
    [{>|>>} <stdoutFile>]
---------------------------------------------------------------------
incorrect argument "-dict" for "set_property" at line 36 of file C:/procEC/Lab5_EC/Lab5_EC.srcs/constrs_1/imports/Sesion5/nexys4ddr.xdc
incorrect set of required parameters for "set_property" at line 36 of file C:/procEC/Lab5_EC/Lab5_EC.srcs/constrs_1/imports/Sesion5/nexys4ddr.xdc
---------------------------------------------------------------------
Usage:
  set_property
    [-help]
    [-quiet]
    attribute
    value
    object
    [{>|>>} <stdoutFile>]
---------------------------------------------------------------------
incorrect argument "-dict" for "set_property" at line 37 of file C:/procEC/Lab5_EC/Lab5_EC.srcs/constrs_1/imports/Sesion5/nexys4ddr.xdc
incorrect set of required parameters for "set_property" at line 37 of file C:/procEC/Lab5_EC/Lab5_EC.srcs/constrs_1/imports/Sesion5/nexys4ddr.xdc
---------------------------------------------------------------------
Usage:
  set_property
    [-help]
    [-quiet]
    attribute
    value
    object
    [{>|>>} <stdoutFile>]
---------------------------------------------------------------------
incorrect argument "-dict" for "set_property" at line 38 of file C:/procEC/Lab5_EC/Lab5_EC.srcs/constrs_1/imports/Sesion5/nexys4ddr.xdc
incorrect set of required parameters for "set_property" at line 38 of file C:/procEC/Lab5_EC/Lab5_EC.srcs/constrs_1/imports/Sesion5/nexys4ddr.xdc
---------------------------------------------------------------------
Usage:
  set_property
    [-help]
    [-quiet]
    attribute
    value
    object
    [{>|>>} <stdoutFile>]
---------------------------------------------------------------------
incorrect argument "-dict" for "set_property" at line 39 of file C:/procEC/Lab5_EC/Lab5_EC.srcs/constrs_1/imports/Sesion5/nexys4ddr.xdc
incorrect set of required parameters for "set_property" at line 39 of file C:/procEC/Lab5_EC/Lab5_EC.srcs/constrs_1/imports/Sesion5/nexys4ddr.xdc
---------------------------------------------------------------------
Usage:
  set_property
    [-help]
    [-quiet]
    attribute
    value
    object
    [{>|>>} <stdoutFile>]
---------------------------------------------------------------------
incorrect argument "-dict" for "set_property" at line 40 of file C:/procEC/Lab5_EC/Lab5_EC.srcs/constrs_1/imports/Sesion5/nexys4ddr.xdc
incorrect set of required parameters for "set_property" at line 40 of file C:/procEC/Lab5_EC/Lab5_EC.srcs/constrs_1/imports/Sesion5/nexys4ddr.xdc
---------------------------------------------------------------------
Usage:
  set_property
    [-help]
    [-quiet]
    attribute
    value
    object
    [{>|>>} <stdoutFile>]
---------------------------------------------------------------------
---------------------------------------------------------------------------------
Finished Applying XDC Timing Constraints : Time (s): cpu = 00:00:41 ; elapsed = 00:00:57 . Memory (MB): peak = 681.547 ; gain = 505.508
---------------------------------------------------------------------------------
---------------------------------------------------------------------------------
Finished Timing Optimization : Time (s): cpu = 00:00:41 ; elapsed = 00:00:57 . Memory (MB): peak = 681.547 ; gain = 505.508
---------------------------------------------------------------------------------

Report RTL Partitions: 
+-+--------------+------------+----------+
| |RTL Partition |Replication |Instances |
+-+--------------+------------+----------+
+-+--------------+------------+----------+
---------------------------------------------------------------------------------
Start Technology Mapping
---------------------------------------------------------------------------------
---------------------------------------------------------------------------------
Finished Technology Mapping : Time (s): cpu = 00:00:48 ; elapsed = 00:01:06 . Memory (MB): peak = 720.453 ; gain = 544.414
---------------------------------------------------------------------------------

Report RTL Partitions: 
+-+--------------+------------+----------+
| |RTL Partition |Replication |Instances |
+-+--------------+------------+----------+
+-+--------------+------------+----------+
---------------------------------------------------------------------------------
Start IO Insertion
---------------------------------------------------------------------------------
---------------------------------------------------------------------------------
Start Final Netlist Cleanup
---------------------------------------------------------------------------------
---------------------------------------------------------------------------------
Finished Final Netlist Cleanup
---------------------------------------------------------------------------------
---------------------------------------------------------------------------------
Finished IO Insertion : Time (s): cpu = 00:00:49 ; elapsed = 00:01:06 . Memory (MB): peak = 722.203 ; gain = 546.164
---------------------------------------------------------------------------------

Report Check Netlist: 
+------+------------------+-------+---------+-------+------------------+
|      |Item              |Errors |Warnings |Status |Description       |
+------+------------------+-------+---------+-------+------------------+
|1     |multi_driven_nets |      0|        0|Passed |Multi driven nets |
+------+------------------+-------+---------+-------+------------------+
---------------------------------------------------------------------------------
Start Renaming Generated Instances
---------------------------------------------------------------------------------
---------------------------------------------------------------------------------
Finished Renaming Generated Instances : Time (s): cpu = 00:00:49 ; elapsed = 00:01:07 . Memory (MB): peak = 722.203 ; gain = 546.164
---------------------------------------------------------------------------------

Report RTL Partitions: 
+-+--------------+------------+----------+
| |RTL Partition |Replication |Instances |
+-+--------------+------------+----------+
+-+--------------+------------+----------+
---------------------------------------------------------------------------------
Start Rebuilding User Hierarchy
---------------------------------------------------------------------------------
---------------------------------------------------------------------------------
Finished Rebuilding User Hierarchy : Time (s): cpu = 00:00:49 ; elapsed = 00:01:07 . Memory (MB): peak = 722.203 ; gain = 546.164
---------------------------------------------------------------------------------
---------------------------------------------------------------------------------
Start Renaming Generated Ports : Time (s): cpu = 00:00:49 ; elapsed = 00:01:07 . Memory (MB): peak = 722.203 ; gain = 546.164
---------------------------------------------------------------------------------
---------------------------------------------------------------------------------
Finished Renaming Generated Ports : Time (s): cpu = 00:00:49 ; elapsed = 00:01:07 . Memory (MB): peak = 722.203 ; gain = 546.164
---------------------------------------------------------------------------------
---------------------------------------------------------------------------------
Start Writing Synthesis Report
---------------------------------------------------------------------------------

Report BlackBoxes: 
+-+--------------+----------+
| |BlackBox name |Instances |
+-+--------------+----------+
+-+--------------+----------+

Report Cell Usage: 
+------+-------+------+
|      |Cell   |Count |
+------+-------+------+
|1     |BUFG   |     3|
|2     |CARRY4 |    14|
|3     |LUT1   |    18|
|4     |LUT2   |    78|
|5     |LUT3   |  2076|
|6     |LUT4   |   160|
|7     |LUT5   |   177|
|8     |LUT6   |  1879|
|9     |MUXF7  |   371|
|10    |MUXF8  |   141|
|11    |RAM32M |     9|
|12    |FDRE   |  2069|
|13    |LD     |    37|
|14    |IBUF   |     6|
|15    |OBUF   |    20|
+------+-------+------+

Report Instance Areas: 
+------+----------------------+----------------------+------+
|      |Instance              |Module                |Cells |
+------+----------------------+----------------------+------+
|1     |top                   |                      |  7058|
|2     |  Inst_MIPs_nucleo1   |MIPS_nucleo1          |  7015|
|3     |    Inst_ALU16bits    |ALU16bits             |   793|
|4     |    Inst_BReg_3port   |BReg_3port            |  2004|
|5     |    Inst_ram_datos    |ram_datos             |  3728|
|6     |    contaprog         |registro_PC           |   472|
|7     |  Inst_cont_pausa_gen |cont_pausa_gen        |     4|
|8     |  Inst_div_frec       |cont_div_frec_refresh |    10|
+------+----------------------+----------------------+------+
---------------------------------------------------------------------------------
Finished Writing Synthesis Report : Time (s): cpu = 00:00:50 ; elapsed = 00:01:08 . Memory (MB): peak = 722.203 ; gain = 546.164
---------------------------------------------------------------------------------
Synthesis finished with 0 errors, 0 critical warnings and 2 warnings.
Synthesis Optimization Runtime : Time (s): cpu = 00:00:40 ; elapsed = 00:00:56 . Memory (MB): peak = 722.203 ; gain = 199.617
Synthesis Optimization Complete : Time (s): cpu = 00:00:50 ; elapsed = 00:01:08 . Memory (MB): peak = 722.203 ; gain = 546.164
INFO: [Project 1-571] Translating synthesized netlist
INFO: [Netlist 29-17] Analyzing 66 Unisim elements for replacement
INFO: [Netlist 29-28] Unisim Transformation completed in 1 CPU seconds
INFO: [Project 1-570] Preparing netlist for logic optimization
INFO: [Opt 31-138] Pushed 0 inverter(s) to 0 load pin(s).
INFO: [Project 1-111] Unisim Transformation Summary:
  A total of 46 instances were transformed.
  LD => LDCE: 37 instances
  RAM32M => RAM32M (RAMD32, RAMD32, RAMD32, RAMD32, RAMD32, RAMD32, RAMS32, RAMS32): 9 instances

INFO: [Common 17-83] Releasing license: Synthesis
170 Infos, 3 Warnings, 0 Critical Warnings and 0 Errors encountered.
synth_design completed successfully
synth_design: Time (s): cpu = 00:00:50 ; elapsed = 00:01:05 . Memory (MB): peak = 722.203 ; gain = 514.590
report_utilization: Time (s): cpu = 00:00:01 ; elapsed = 00:00:00.156 . Memory (MB): peak = 722.203 ; gain = 0.000
INFO: [Common 17-206] Exiting Vivado at Sun Apr 14 18:46:15 2024...
