INFO: [VRFC 10-163] Analyzing VHDL file "C:/procEC/Lab4_EC/Lab1_EC.srcs/sources_1/new/mux4a1_4bits.vhd" into library xil_defaultlib
INFO: [VRFC 10-307] analyzing entity mux4a1_4bits
INFO: [VRFC 10-163] Analyzing VHDL file "C:/procEC/Lab4_EC/Lab1_EC.srcs/sources_1/imports/Sesion1/hex2led.vhd" into library xil_defaultlib
INFO: [VRFC 10-307] analyzing entity hex2led
INFO: [VRFC 10-163] Analyzing VHDL file "C:/procEC/Lab4_EC/Lab1_EC.srcs/sources_1/imports/Sesion1/dec2a4.vhd" into library xil_defaultlib
INFO: [VRFC 10-307] analyzing entity dec2a4
INFO: [VRFC 10-163] Analyzing VHDL file "C:/procEC/Lab4_EC/Lab1_EC.srcs/sources_1/imports/Sesion4/unicontrol_rel1.vhd" into library xil_defaultlib
INFO: [VRFC 10-307] analyzing entity unicontrol_rel1
INFO: [VRFC 10-163] Analyzing VHDL file "C:/procEC/Lab4_EC/Lab1_EC.srcs/sources_1/imports/Sesion2/registro_PC.vhd" into library xil_defaultlib
INFO: [VRFC 10-307] analyzing entity registro_PC
INFO: [VRFC 10-163] Analyzing VHDL file "C:/procEC/Lab4_EC/Lab1_EC.srcs/sources_1/imports/Sesion3/ram_datos.vhd" into library xil_defaultlib
INFO: [VRFC 10-307] analyzing entity ram_datos
INFO: [VRFC 10-163] Analyzing VHDL file "C:/procEC/Lab4_EC/Lab1_EC.srcs/sources_1/imports/Sesion4/mux3a1_5bits.vhd" into library xil_defaultlib
INFO: [VRFC 10-307] analyzing entity mux3a1_5bits
INFO: [VRFC 10-163] Analyzing VHDL file "C:/procEC/Lab4_EC/Lab1_EC.srcs/sources_1/imports/Sesion4/mux3a1_16bits.vhd" into library xil_defaultlib
INFO: [VRFC 10-307] analyzing entity mux3a1_16bits
INFO: [VRFC 10-163] Analyzing VHDL file "C:/procEC/Lab4_EC/Lab1_EC.srcs/sources_1/imports/Sesion4/mux2a1_16bits.vhd" into library xil_defaultlib
INFO: [VRFC 10-307] analyzing entity mux2a1_16bits
INFO: [VRFC 10-163] Analyzing VHDL file "C:/procEC/Lab4_EC/Lab1_EC.srcs/sources_1/imports/Sesion3/Mem_Ia_256x8.vhd" into library xil_defaultlib
INFO: [VRFC 10-307] analyzing entity Mem_Ia_256x8
INFO: [VRFC 10-163] Analyzing VHDL file "C:/procEC/Lab4_EC/Lab1_EC.srcs/sources_1/imports/Sesion4/BReg_3port_lec.vhd" into library xil_defaultlib
INFO: [VRFC 10-307] analyzing entity BReg_3port
INFO: [VRFC 10-163] Analyzing VHDL file "C:/procEC/Lab4_EC/Lab1_EC.srcs/sources_1/imports/Sesion4/ALUcontrol_0.vhd" into library xil_defaultlib
INFO: [VRFC 10-307] analyzing entity ALUcontrol_0
INFO: [VRFC 10-163] Analyzing VHDL file "C:/procEC/Lab4_EC/Lab1_EC.srcs/sources_1/new/ALU16bits.vhd" into library xil_defaultlib
INFO: [VRFC 10-307] analyzing entity ALU16bits
INFO: [VRFC 10-163] Analyzing VHDL file "C:/procEC/Lab5_EC/Lab5_EC.srcs/sources_1/imports/Sesion5/cont_pausa_gen.vhd" into library xil_defaultlib
INFO: [VRFC 10-307] analyzing entity cont_pausa_gen
INFO: [VRFC 10-163] Analyzing VHDL file "C:/procEC/Lab5_EC/Lab5_EC.srcs/sources_1/imports/Sesion5/cont_div_frec_refresh.vhd" into library xil_defaultlib
INFO: [VRFC 10-307] analyzing entity cont_div_frec_refresh
INFO: [VRFC 10-163] Analyzing VHDL file "C:/procEC/Lab4_EC/Lab1_EC.srcs/sources_1/imports/Sesion1/Sel_Digit_CodLEDS.vhd" into library xil_defaultlib
INFO: [VRFC 10-307] analyzing entity Seldigit_CodLEDS
INFO: [VRFC 10-163] Analyzing VHDL file "C:/procEC/Lab4_EC/Lab1_EC.srcs/sources_1/imports/Sesion4/Mips_Nucleo1.vhd" into library xil_defaultlib
INFO: [VRFC 10-307] analyzing entity MIPS_nucleo1
INFO: [VRFC 10-163] Analyzing VHDL file "C:/procEC/Lab5_EC/Lab5_EC.srcs/sources_1/imports/Sesion5/MIPS_interface.vhd" into library xil_defaultlib
INFO: [VRFC 10-307] analyzing entity MIPS_interface
INFO: [VRFC 10-163] Analyzing VHDL file "C:/procEC/Lab5_EC/Lab5_EC.srcs/sim_1/imports/Sesion5/TB_Mips_interface.vhd" into library xil_defaultlib
INFO: [VRFC 10-307] analyzing entity TB_Mips_interface
